// Jest Snapshot v1, https://goo.gl/fbAQLP

exports[`Month Switcher Component Test Pasuje do snapchota 1`] = `
<div class="month-switcher d-flex flex-column justify-center">
  <div class="content d-flex justify-around align-center"><span class="mdi mdi-chevron-left icon-size disabled"></span>
    <div class="font-bold"> </div> <span class="mdi mdi-chevron-right icon-size"></span>
  </div>
</div>
`;
